Summary:
========
Total packets read:                      6
IPv4 packets read:                       0
IPv6 packets read:                       6
Total fragments matched:                 4
IPv4 fragments matched:                  0
IPv6 fragments matched:                  4
Total packets reassembled:               1
IPv4 packets reassembled:                0
IPv6 packets reassembled:                1
Total packets written to output file:    1
