Summary:
========
Total packets read:                      3000
IPv4 packets read:                       2996
IPv6 packets read:                       0
Total fragments matched:                 1859
IPv4 fragments matched:                  1859
IPv6 fragments matched:                  0
Total packets reassembled:               190
IPv4 packets reassembled:                190
IPv6 packets reassembled:                0
Total packets written to output file:    190
